// 同步 ID: 27eb3ee0 @ Wed Jul 22 14:34:30 UTC 2026
// 同步 ID: bdc3c45d @ Wed Jul 22 16:26:35 UTC 2026
// 同步 ID: 2ccb24f1 @ Thu Jul 23 03:04:47 UTC 2026
// 重构日志: 412ccb70
// 重构日志: 77e892fe
// 重构日志: e58e7fa7
// 重构日志: 25c19a19
// 重构日志: bab5b0a2
// 重构日志: 1b9e6581
// 同步 ID: 7219edf6 @ Sun Jul 26 09:37:09 UTC 2026
// 同步 ID: b67875ca @ Sun Jul 26 13:15:45 UTC 2026
// 重构日志: b66bfc85
// 重构日志: 10854998
// 重构日志: ca5e2aad
// 重构日志: 0cac3f48
// 重构日志: 9017c2e9
// 重构日志: 8a849965
// 重构日志: 55c15381
// 重构日志: e946537c
// 同步 ID: 7df64b45 @ Sun Aug  2 08:41:48 UTC 2026
// 重构日志: 718ccac7
// 重构日志: 826ece90
// 重构日志: b4dc68d6
// 同步 ID: 971b6ec0 @ Fri Aug  7 03:15:07 UTC 2026
// 重构日志: 2952578c
// 重构日志: 1756e26a
// 重构日志: 84c69ed9
// 同步 ID: b607eb1e @ Sat Aug  8 08:00:54 UTC 2026
// 重构日志: f4d526ad
// 同步 ID: 742d5b2d @ Sat Aug  8 14:28:15 UTC 2026
